2026-05-27 04:29:39,300 [INFO] Logging system initialized.
2026-05-27 04:29:39,300 [INFO] Starting ADMFL Framework...
2026-05-27 04:29:39,313 [INFO] Configuration loaded successfully.
2026-05-27 04:29:39,313 [INFO] Initializing network topology...
2026-05-27 04:29:39,314 [INFO] Building network topology...
2026-05-27 04:29:39,314 [INFO] Creating 5 UAV nodes...
2026-05-27 04:29:39,315 [INFO] UAV-0 initialized.
2026-05-27 04:29:39,316 [INFO] UAV-1 initialized.
2026-05-27 04:29:39,317 [INFO] UAV-2 initialized.
2026-05-27 04:29:39,318 [INFO] UAV-3 initialized.
2026-05-27 04:29:39,319 [INFO] UAV-4 initialized.
2026-05-27 04:29:39,320 [INFO] Creating communication links...
2026-05-27 04:29:39,321 [INFO] Enabled communication: UAV_TO_UAV
2026-05-27 04:29:39,324 [INFO] Enabled communication: UAV_TO_EDGE
2026-05-27 04:29:39,325 [INFO] Enabled communication: EDGE_TO_CONTROLLER
2026-05-27 04:29:39,325 [INFO] Wireless protocol: IEEE_80211p
2026-05-27 04:29:39,326 [INFO] Network topology created successfully.
2026-05-27 04:29:39,326 [INFO] Starting SD-IoT Controller...
2026-05-27 04:29:39,327 [INFO] Ryu Controller initialized at 127.0.0.1:6633
2026-05-27 04:29:39,327 [INFO] Initializing Trust Engine...
2026-05-27 04:29:39,328 [INFO] Trust Engine initialized.
2026-05-27 04:29:39,329 [INFO] Starting Federated Learning server...
2026-05-27 04:29:39,329 [INFO] Federated Learning Server initialized.
2026-05-27 04:29:39,330 [INFO] Initializing UAV clients...
2026-05-27 04:29:39,330 [INFO] UAV-0 initialized.
2026-05-27 04:29:39,331 [INFO] UAV-0 initialized.
2026-05-27 04:29:39,331 [INFO] UAV-1 initialized.
2026-05-27 04:29:39,332 [INFO] UAV-1 initialized.
2026-05-27 04:29:39,332 [INFO] UAV-2 initialized.
2026-05-27 04:29:39,333 [INFO] UAV-2 initialized.
2026-05-27 04:29:39,333 [INFO] UAV-3 initialized.
2026-05-27 04:29:39,334 [INFO] UAV-3 initialized.
2026-05-27 04:29:39,335 [INFO] UAV-4 initialized.
2026-05-27 04:29:39,335 [INFO] UAV-4 initialized.
2026-05-27 04:29:39,337 [INFO] Starting UAV simulation...
2026-05-27 04:29:39,338 [INFO] Starting UAV-0...
2026-05-27 04:29:39,338 [INFO] Telemetry from UAV-0: {'uav_id': 0, 'position': {'x': 92, 'y': 57, 'z': 29}, 'trust_score': 1.0, 'status': 'ACTIVE'}
2026-05-27 04:29:39,339 [INFO] UAV-0 performing local training...
2026-05-27 04:29:40,343 [INFO] UAV-0 completed local training.
2026-05-27 04:29:40,345 [INFO] Starting UAV-1...
2026-05-27 04:29:40,346 [INFO] Telemetry from UAV-1: {'uav_id': 1, 'position': {'x': 97, 'y': 40, 'z': 15}, 'trust_score': 1.0, 'status': 'ACTIVE'}
2026-05-27 04:29:40,348 [INFO] UAV-1 performing local training...
2026-05-27 04:29:41,352 [INFO] UAV-1 completed local training.
2026-05-27 04:29:41,353 [INFO] Starting UAV-2...
2026-05-27 04:29:41,355 [INFO] Telemetry from UAV-2: {'uav_id': 2, 'position': {'x': 77, 'y': 94, 'z': 30}, 'trust_score': 1.0, 'status': 'ACTIVE'}
2026-05-27 04:29:41,357 [INFO] UAV-2 performing local training...
2026-05-27 04:29:42,363 [INFO] UAV-2 completed local training.
2026-05-27 04:29:42,365 [INFO] Starting UAV-3...
2026-05-27 04:29:42,367 [INFO] Telemetry from UAV-3: {'uav_id': 3, 'position': {'x': 14, 'y': 41, 'z': 42}, 'trust_score': 1.0, 'status': 'ACTIVE'}
2026-05-27 04:29:42,369 [INFO] UAV-3 performing local training...
2026-05-27 04:29:43,376 [INFO] UAV-3 completed local training.
2026-05-27 04:29:43,377 [INFO] Starting UAV-4...
2026-05-27 04:29:43,379 [INFO] Telemetry from UAV-4: {'uav_id': 4, 'position': {'x': 47, 'y': 79, 'z': 38}, 'trust_score': 1.0, 'status': 'ACTIVE'}
2026-05-27 04:29:43,381 [INFO] UAV-4 performing local training...
2026-05-27 04:29:44,384 [INFO] UAV-4 completed local training.
2026-05-27 04:29:44,386 [INFO] All UAV clients started.
2026-05-27 04:29:44,388 [INFO] ADMFL Framework is running successfully.
2026-05-27 04:29:50,479 [INFO] Shutting down ADMFL Framework...
2026-05-27 04:29:50,481 [INFO] Stopping network topology...
2026-05-27 04:29:50,484 [INFO] ADMFL shutdown complete.
2026-05-27 16:59:41,373 [INFO] Logging system initialized.
2026-05-27 16:59:41,374 [INFO] Starting ADMFL Framework...
2026-05-27 16:59:41,411 [INFO] Configuration loaded successfully.
2026-05-27 16:59:41,428 [INFO] Initializing network topology...
2026-05-27 16:59:41,428 [INFO] Building network topology...
2026-05-27 16:59:41,429 [INFO] Creating 5 UAV nodes...
2026-05-27 16:59:41,429 [INFO] UAV-0 initialized.
2026-05-27 16:59:41,430 [INFO] UAV-1 initialized.
2026-05-27 16:59:41,432 [INFO] UAV-2 initialized.
2026-05-27 16:59:41,433 [INFO] UAV-3 initialized.
2026-05-27 16:59:41,433 [INFO] UAV-4 initialized.
2026-05-27 16:59:41,434 [INFO] Creating communication links...
2026-05-27 16:59:41,435 [INFO] Enabled communication: UAV_TO_UAV
2026-05-27 16:59:41,436 [INFO] Enabled communication: UAV_TO_EDGE
2026-05-27 16:59:41,437 [INFO] Enabled communication: EDGE_TO_CONTROLLER
2026-05-27 16:59:41,438 [INFO] Wireless protocol: IEEE_80211p
2026-05-27 16:59:41,440 [INFO] Network topology created successfully.
2026-05-27 16:59:41,442 [INFO] Starting SD-IoT Controller...
2026-05-27 16:59:41,442 [INFO] Ryu Controller initialized at 127.0.0.1:6633
2026-05-27 16:59:41,443 [INFO] Initializing Trust Engine...
2026-05-27 16:59:41,444 [INFO] Trust Engine initialized.
2026-05-27 16:59:41,445 [INFO] Starting Federated Learning server...
2026-05-27 16:59:41,446 [INFO] Federated Learning Server initialized.
2026-05-27 16:59:41,447 [INFO] Initializing UAV clients...
2026-05-27 16:59:41,456 [INFO] UAV-0 initialized.
2026-05-27 16:59:41,457 [INFO] UAV-0 initialized.
2026-05-27 16:59:41,457 [INFO] UAV-1 initialized.
2026-05-27 16:59:41,458 [INFO] UAV-1 initialized.
2026-05-27 16:59:41,460 [INFO] UAV-2 initialized.
2026-05-27 16:59:41,461 [INFO] UAV-2 initialized.
2026-05-27 16:59:41,462 [INFO] UAV-3 initialized.
2026-05-27 16:59:41,463 [INFO] UAV-3 initialized.
2026-05-27 16:59:41,465 [INFO] UAV-4 initialized.
2026-05-27 16:59:41,466 [INFO] UAV-4 initialized.
2026-05-27 16:59:41,467 [INFO] Starting UAV simulation...
2026-05-27 16:59:41,468 [INFO] Starting UAV-0...
2026-05-27 16:59:41,469 [INFO] Telemetry from UAV-0: {'uav_id': 0, 'position': {'x': 44, 'y': 51, 'z': 33}, 'trust_score': 1.0, 'status': 'ACTIVE'}
2026-05-27 16:59:41,470 [INFO] UAV-0 performing local training...
2026-05-27 16:59:42,476 [INFO] UAV-0 completed local training.
2026-05-27 16:59:42,477 [INFO] Starting UAV-1...
2026-05-27 16:59:42,478 [INFO] Telemetry from UAV-1: {'uav_id': 1, 'position': {'x': 95, 'y': 73, 'z': 27}, 'trust_score': 1.0, 'status': 'ACTIVE'}
2026-05-27 16:59:42,478 [INFO] UAV-1 performing local training...
2026-05-27 16:59:43,481 [INFO] UAV-1 completed local training.
2026-05-27 16:59:43,482 [INFO] Starting UAV-2...
2026-05-27 16:59:43,483 [INFO] Telemetry from UAV-2: {'uav_id': 2, 'position': {'x': 13, 'y': 68, 'z': 44}, 'trust_score': 1.0, 'status': 'ACTIVE'}
2026-05-27 16:59:43,484 [INFO] UAV-2 performing local training...
2026-05-27 16:59:44,486 [INFO] UAV-2 completed local training.
2026-05-27 16:59:44,487 [INFO] Starting UAV-3...
2026-05-27 16:59:44,488 [INFO] Telemetry from UAV-3: {'uav_id': 3, 'position': {'x': 64, 'y': 32, 'z': 15}, 'trust_score': 1.0, 'status': 'ACTIVE'}
2026-05-27 16:59:44,488 [INFO] UAV-3 performing local training...
2026-05-27 16:59:45,490 [INFO] UAV-3 completed local training.
2026-05-27 16:59:45,491 [INFO] Starting UAV-4...
2026-05-27 16:59:45,492 [INFO] Telemetry from UAV-4: {'uav_id': 4, 'position': {'x': 92, 'y': 39, 'z': 25}, 'trust_score': 1.0, 'status': 'ACTIVE'}
2026-05-27 16:59:45,492 [INFO] UAV-4 performing local training...
2026-05-27 16:59:46,495 [INFO] UAV-4 completed local training.
2026-05-27 16:59:46,496 [INFO] All UAV clients started.
2026-05-27 16:59:46,496 [INFO] ADMFL Framework is running successfully.
